./env.csh -xxx > ./out-env/1.env.out.txt:./out-env/1.env.out.txt:0
./env.csh > ./out-env/2.env.out.txt:./out-env/2.env.out.txt:0
./env.csh > ./out-env/3.env.out.txt:./out-env/9.env.out.txt:0
./env.csh > ./out-env/4.env.out.txt:./out-env/4.env.out.txt,./out-env/3.env.out.txt:0
./env.csh > ./out-env/5.env.out.txt::0
./env.csh > ./out-env/2.env.out.txt:./out-env/2.env.out.txt:0
./env.csh > ./out-env/2.env.out.txt:./out-env/2.env.out.txt:0
./env.csh > ./out-env/2.env.out.txt:./out-env/2.env.out.txt:0
./env.csh > ./out-env/2.env.out.txt:./out-env/2.env.out.txt:0
./env.csh > ./out-env/2.env.out.txt:./out-env/2.env.out.txt:0
./env.csh > ./out-env/2.env.out.txt:./out-env/2.env.out.txt:0
./env.csh > ./out-env/2.env.out.txt:./out-env/2.env.out.txt:0
./env.csh > ./out-env/2.env.out.txt:./out-env/2.env.out.txt:0
./env.csh > ./out-env/2.env.out.txt:./out-env/2.env.out.txt:0
./env.csh > ./out-env/2.env.out.txt:./out-env/2.env.out.txt:0
./env.csh > ./out-env/2.env.out.txt:./out-env/2.env.out.txt:0
./env.csh > ./out-env/2.env.out.txt:./out-env/2.env.out.txt:0
./env.csh > ./out-env/2.env.out.txt:./out-env/2.env.out.txt:0
./env.csh > ./out-env/2.env.out.txt:./out-env/2.env.out.txt:0
./env.csh > ./out-env/2.env.out.txt:./out-env/2.env.out.txt:0
./env.csh > ./out-env/2.env.out.txt:./out-env/2.env.out.txt:0
./env.csh > ./out-env/2.env.out.txt:./out-env/2.env.out.txt:0
./env.csh > ./out-env/2.env.out.txt:./out-env/2.env.out.txt:0
./env.csh > ./out-env/2.env.out.txt:./out-env/2.env.out.txt:0
./env.csh > ./out-env/2.env.out.txt:./out-env/2.env.out.txt:0
./env.csh > ./out-env/2.env.out.txt:./out-env/2.env.out.txt:0
./env.csh > ./out-env/2.env.out.txt:./out-env/2.env.out.txt:0
./env.csh > ./out-env/2.env.out.txt:./out-env/2.env.out.txt:0
./env.csh > ./out-env/2.env.out.txt:./out-env/2.env.out.txt:0
./env.csh > ./out-env/2.env.out.txt:./out-env/2.env.out.txt:0
./env.csh > ./out-env/2.env.out.txt:./out-env/2.env.out.txt:0
./env.csh > ./out-env/2.env.out.txt:./out-env/2.env.out.txt:0
./env.csh > ./out-env/2.env.out.txt:./out-env/2.env.out.txt:0
./env.csh > ./out-env/2.env.out.txt:./out-env/2.env.out.txt:0
./env.csh > ./out-env/2.env.out.txt:./out-env/2.env.out.txt:0
./env.csh > ./out-env/2.env.out.txt:./out-env/2.env.out.txt:0
./env.csh > ./out-env/2.env.out.txt:./out-env/2.env.out.txt:0
./env.csh > ./out-env/2.env.out.txt:./out-env/2.env.out.txt:0
./env.csh > ./out-env/2.env.out.txt:./out-env/2.env.out.txt:0
./env.csh > ./out-env/2.env.out.txt:./out-env/2.env.out.txt:0
./env.csh > ./out-env/2.env.out.txt:./out-env/2.env.out.txt:0
./env.csh > ./out-env/2.env.out.txt:./out-env/2.env.out.txt:0
./env.csh > ./out-env/2.env.out.txt:./out-env/2.env.out.txt:0
./env.csh > ./out-env/2.env.out.txt:./out-env/2.env.out.txt:0
./env.csh > ./out-env/2.env.out.txt:./out-env/2.env.out.txt:0
./env.csh > ./out-env/2.env.out.txt:./out-env/2.env.out.txt:0
./env.csh > ./out-env/2.env.out.txt:./out-env/2.env.out.txt:0
./env.csh > ./out-env/2.env.out.txt:./out-env/2.env.out.txt:0
./env.csh > ./out-env/2.env.out.txt:./out-env/2.env.out.txt:0
./env.csh > ./out-env/2.env.out.txt:./out-env/2.env.out.txt:0
./env.csh > ./out-env/2.env.out.txt:./out-env/2.env.out.txt:0
./env.csh > ./out-env/2.env.out.txt:./out-env/2.env.out.txt:0
./env.csh > ./out-env/2.env.out.txt:./out-env/2.env.out.txt:0
./env.csh > ./out-env/2.env.out.txt:./out-env/2.env.out.txt:0
./env.csh > ./out-env/2.env.out.txt:./out-env/2.env.out.txt:0
./env.csh > ./out-env/2.env.out.txt:./out-env/2.env.out.txt:0
./env.csh > ./out-env/2.env.out.txt:./out-env/2.env.out.txt:0
./env.csh > ./out-env/2.env.out.txt:./out-env/2.env.out.txt:0
./env.csh > ./out-env/2.env.out.txt:./out-env/2.env.out.txt:0
./env.csh > ./out-env/2.env.out.txt:./out-env/2.env.out.txt:0
./env.csh > ./out-env/2.env.out.txt:./out-env/2.env.out.txt:0
./env.csh > ./out-env/2.env.out.txt:./out-env/2.env.out.txt:0
./env.csh > ./out-env/2.env.out.txt:./out-env/2.env.out.txt:0
./env.csh > ./out-env/2.env.out.txt:./out-env/2.env.out.txt:0
./env.csh > ./out-env/2.env.out.txt:./out-env/2.env.out.txt:0
./env.csh > ./out-env/2.env.out.txt:./out-env/2.env.out.txt:0
./env.csh > ./out-env/2.env.out.txt:./out-env/2.env.out.txt:0
./env.csh > ./out-env/2.env.out.txt:./out-env/2.env.out.txt:0
./env.csh > ./out-env/2.env.out.txt:./out-env/2.env.out.txt:0
./env.csh > ./out-env/2.env.out.txt:./out-env/2.env.out.txt:0
./env.csh > ./out-env/2.env.out.txt:./out-env/2.env.out.txt:0
./env.csh > ./out-env/2.env.out.txt:./out-env/2.env.out.txt:0
./env.csh > ./out-env/2.env.out.txt:./out-env/2.env.out.txt:0
./env.csh > ./out-env/2.env.out.txt:./out-env/2.env.out.txt:0
./env.csh > ./out-env/2.env.out.txt:./out-env/2.env.out.txt:0
./env.csh > ./out-env/2.env.out.txt:./out-env/2.env.out.txt:0
./env.csh > ./out-env/2.env.out.txt:./out-env/2.env.out.txt:0
./env.csh > ./out-env/2.env.out.txt:./out-env/2.env.out.txt:0
./env.csh > ./out-env/2.env.out.txt:./out-env/2.env.out.txt:0
./env.csh > ./out-env/2.env.out.txt:./out-env/2.env.out.txt:0
./env.csh > ./out-env/2.env.out.txt:./out-env/2.env.out.txt:0
./env.csh > ./out-env/2.env.out.txt:./out-env/2.env.out.txt:0
./env.csh > ./out-env/2.env.out.txt:./out-env/2.env.out.txt:0
./env.csh > ./out-env/2.env.out.txt:./out-env/2.env.out.txt:0
./env.csh > ./out-env/2.env.out.txt:./out-env/2.env.out.txt:0
./env.csh > ./out-env/2.env.out.txt:./out-env/2.env.out.txt:0
./env.csh > ./out-env/2.env.out.txt:./out-env/2.env.out.txt:0
./env.csh > ./out-env/2.env.out.txt:./out-env/2.env.out.txt:0
./env.csh > ./out-env/2.env.out.txt:./out-env/2.env.out.txt:0
./env.csh > ./out-env/2.env.out.txt:./out-env/2.env.out.txt:0
./env.csh > ./out-env/2.env.out.txt:./out-env/2.env.out.txt:0
./env.csh > ./out-env/2.env.out.txt:./out-env/2.env.out.txt:0
./env.csh > ./out-env/2.env.out.txt:./out-env/2.env.out.txt:0
./env.csh > ./out-env/2.env.out.txt:./out-env/2.env.out.txt:0
./env.csh > ./out-env/2.env.out.txt:./out-env/2.env.out.txt:0
./env.csh > ./out-env/2.env.out.txt:./out-env/2.env.out.txt:0
./env.csh > ./out-env/2.env.out.txt:./out-env/2.env.out.txt:0
./env.csh > ./out-env/2.env.out.txt:./out-env/2.env.out.txt:0
./env.csh > ./out-env/2.env.out.txt:./out-env/2.env.out.txt:0
./env.csh > ./out-env/2.env.out.txt:./out-env/2.env.out.txt:0
./env.csh > ./out-env/2.env.out.txt:./out-env/2.env.out.txt:0
./env.csh > ./out-env/2.env.out.txt:./out-env/2.env.out.txt:0
./env.csh > ./out-env/2.env.out.txt:./out-env/2.env.out.txt:0
./env.csh > ./out-env/2.env.out.txt:./out-env/2.env.out.txt:0
./env.csh > ./out-env/2.env.out.txt:./out-env/2.env.out.txt:0
./env.csh > ./out-env/2.env.out.txt:./out-env/2.env.out.txt:0
./env.csh > ./out-env/2.env.out.txt:./out-env/2.env.out.txt:0
./env.csh > ./out-env/2.env.out.txt:./out-env/2.env.out.txt:0
./env.csh > ./out-env/2.env.out.txt:./out-env/2.env.out.txt:0
./env.csh > ./out-env/2.env.out.txt:./out-env/2.env.out.txt:0
./env.csh > ./out-env/2.env.out.txt:./out-env/2.env.out.txt:0
./env.csh > ./out-env/2.env.out.txt:./out-env/2.env.out.txt:0
./env.csh > ./out-env/2.env.out.txt:./out-env/2.env.out.txt:0
./env.csh > ./out-env/2.env.out.txt:./out-env/2.env.out.txt:0
./env.csh > ./out-env/2.env.out.txt:./out-env/2.env.out.txt:0
./env.csh > ./out-env/2.env.out.txt:./out-env/2.env.out.txt:0
./env.csh > ./out-env/2.env.out.txt:./out-env/2.env.out.txt:0
./env.csh > ./out-env/2.env.out.txt:./out-env/2.env.out.txt:0
./env.csh > ./out-env/2.env.out.txt:./out-env/2.env.out.txt:0
./env.csh > ./out-env/2.env.out.txt:./out-env/2.env.out.txt:0
./env.csh > ./out-env/2.env.out.txt:./out-env/2.env.out.txt:0
./env.csh > ./out-env/2.env.out.txt:./out-env/2.env.out.txt:0
./env.csh > ./out-env/2.env.out.txt:./out-env/2.env.out.txt:0
./env.csh > ./out-env/2.env.out.txt:./out-env/2.env.out.txt:0
./env.csh > ./out-env/2.env.out.txt:./out-env/2.env.out.txt:0
./env.csh > ./out-env/2.env.out.txt:./out-env/2.env.out.txt:0
./env.csh > ./out-env/2.env.out.txt:./out-env/2.env.out.txt:0
./env.csh > ./out-env/2.env.out.txt:./out-env/2.env.out.txt:0
./env.csh > ./out-env/2.env.out.txt:./out-env/2.env.out.txt:0
./env.csh > ./out-env/2.env.out.txt:./out-env/2.env.out.txt:0
./env.csh > ./out-env/2.env.out.txt:./out-env/2.env.out.txt:0
./env.csh > ./out-env/2.env.out.txt:./out-env/2.env.out.txt:0
./env.csh > ./out-env/2.env.out.txt:./out-env/2.env.out.txt:0
./env.csh > ./out-env/2.env.out.txt:./out-env/2.env.out.txt:0
./env.csh > ./out-env/2.env.out.txt:./out-env/2.env.out.txt:0
./env.csh > ./out-env/2.env.out.txt:./out-env/2.env.out.txt:0
./env.csh > ./out-env/2.env.out.txt:./out-env/2.env.out.txt:0
./env.csh > ./out-env/2.env.out.txt:./out-env/2.env.out.txt:0
./env.csh > ./out-env/2.env.out.txt:./out-env/2.env.out.txt:0
./env.csh > ./out-env/2.env.out.txt:./out-env/2.env.out.txt:0
./env.csh > ./out-env/2.env.out.txt:./out-env/2.env.out.txt:0
./env.csh > ./out-env/2.env.out.txt:./out-env/2.env.out.txt:0
./env.csh > ./out-env/2.env.out.txt:./out-env/2.env.out.txt:0
./env.csh > ./out-env/2.env.out.txt:./out-env/2.env.out.txt:0
./env.csh > ./out-env/2.env.out.txt:./out-env/2.env.out.txt:0
./env.csh > ./out-env/2.env.out.txt:./out-env/2.env.out.txt:0
./env.csh > ./out-env/2.env.out.txt:./out-env/2.env.out.txt:0
./env.csh > ./out-env/2.env.out.txt:./out-env/2.env.out.txt:0
./env.csh > ./out-env/2.env.out.txt:./out-env/2.env.out.txt:0
./env.csh > ./out-env/2.env.out.txt:./out-env/2.env.out.txt:0
./env.csh > ./out-env/2.env.out.txt:./out-env/2.env.out.txt:0
./env.csh > ./out-env/2.env.out.txt:./out-env/2.env.out.txt:0
./env.csh > ./out-env/2.env.out.txt:./out-env/2.env.out.txt:0
./env.csh > ./out-env/2.env.out.txt:./out-env/2.env.out.txt:0
./env.csh > ./out-env/2.env.out.txt:./out-env/2.env.out.txt:0
./env.csh > ./out-env/2.env.out.txt:./out-env/2.env.out.txt:0
./env.csh > ./out-env/2.env.out.txt:./out-env/2.env.out.txt:0
./env.csh > ./out-env/2.env.out.txt:./out-env/2.env.out.txt:0
./env.csh > ./out-env/2.env.out.txt:./out-env/2.env.out.txt:0
./env.csh > ./out-env/2.env.out.txt:./out-env/2.env.out.txt:0
./env.csh > ./out-env/2.env.out.txt:./out-env/2.env.out.txt:0
./env.csh > ./out-env/2.env.out.txt:./out-env/2.env.out.txt:0
./env.csh > ./out-env/2.env.out.txt:./out-env/2.env.out.txt:0
./env.csh > ./out-env/2.env.out.txt:./out-env/2.env.out.txt:0
./env.csh > ./out-env/2.env.out.txt:./out-env/2.env.out.txt:0
./env.csh > ./out-env/2.env.out.txt:./out-env/2.env.out.txt:0
./env.csh > ./out-env/2.env.out.txt:./out-env/2.env.out.txt:0
./env.csh > ./out-env/2.env.out.txt:./out-env/2.env.out.txt:0
./env.csh > ./out-env/2.env.out.txt:./out-env/2.env.out.txt:0
./env.csh > ./out-env/2.env.out.txt:./out-env/2.env.out.txt:0
./env.csh > ./out-env/2.env.out.txt:./out-env/2.env.out.txt:0
./env.csh > ./out-env/2.env.out.txt:./out-env/2.env.out.txt:0
./env.csh > ./out-env/2.env.out.txt:./out-env/2.env.out.txt:0
./env.csh > ./out-env/2.env.out.txt:./out-env/2.env.out.txt:0
./env.csh > ./out-env/2.env.out.txt:./out-env/2.env.out.txt:0
./env.csh > ./out-env/2.env.out.txt:./out-env/2.env.out.txt:0
./env.csh > ./out-env/2.env.out.txt:./out-env/2.env.out.txt:0
./env.csh > ./out-env/2.env.out.txt:./out-env/2.env.out.txt:0
./env.csh > ./out-env/2.env.out.txt:./out-env/2.env.out.txt:0
./env.csh > ./out-env/2.env.out.txt:./out-env/2.env.out.txt:0
./env.csh > ./out-env/2.env.out.txt:./out-env/2.env.out.txt:0
./env.csh > ./out-env/2.env.out.txt:./out-env/2.env.out.txt:0
./env.csh > ./out-env/2.env.out.txt:./out-env/2.env.out.txt:0
./env.csh > ./out-env/2.env.out.txt:./out-env/2.env.out.txt:0
./env.csh > ./out-env/2.env.out.txt:./out-env/2.env.out.txt:0
./env.csh > ./out-env/2.env.out.txt:./out-env/2.env.out.txt:0
./env.csh > ./out-env/2.env.out.txt:./out-env/2.env.out.txt:0
./env.csh > ./out-env/2.env.out.txt:./out-env/2.env.out.txt:0
./env.csh > ./out-env/2.env.out.txt:./out-env/2.env.out.txt:0
./env.csh > ./out-env/2.env.out.txt:./out-env/2.env.out.txt:0
./env.csh > ./out-env/2.env.out.txt:./out-env/2.env.out.txt:0
./env.csh > ./out-env/2.env.out.txt:./out-env/2.env.out.txt:0
./env.csh > ./out-env/2.env.out.txt:./out-env/2.env.out.txt:0
./env.csh > ./out-env/2.env.out.txt:./out-env/2.env.out.txt:0
./env.csh > ./out-env/2.env.out.txt:./out-env/2.env.out.txt:0
./env.csh > ./out-env/2.env.out.txt:./out-env/2.env.out.txt:0
./env.csh > ./out-env/2.env.out.txt:./out-env/2.env.out.txt:0
./env.csh > ./out-env/2.env.out.txt:./out-env/2.env.out.txt:0
./env.csh > ./out-env/2.env.out.txt:./out-env/2.env.out.txt:0
./env.csh > ./out-env/2.env.out.txt:./out-env/2.env.out.txt:0
./env.csh > ./out-env/2.env.out.txt:./out-env/2.env.out.txt:0
./env.csh > ./out-env/2.env.out.txt:./out-env/2.env.out.txt:0
./env.csh > ./out-env/2.env.out.txt:./out-env/2.env.out.txt:0
./env.csh > ./out-env/2.env.out.txt:./out-env/2.env.out.txt:0
./env.csh > ./out-env/2.env.out.txt:./out-env/2.env.out.txt:0
./env.csh > ./out-env/2.env.out.txt:./out-env/2.env.out.txt:0
./env.csh > ./out-env/2.env.out.txt:./out-env/2.env.out.txt:0
./env.csh > ./out-env/2.env.out.txt:./out-env/2.env.out.txt:0
./env.csh > ./out-env/2.env.out.txt:./out-env/2.env.out.txt:0
./env.csh > ./out-env/2.env.out.txt:./out-env/2.env.out.txt:0
./env.csh > ./out-env/2.env.out.txt:./out-env/2.env.out.txt:0
./env.csh > ./out-env/2.env.out.txt:./out-env/2.env.out.txt:0
./env.csh > ./out-env/2.env.out.txt:./out-env/2.env.out.txt:0
./env.csh > ./out-env/2.env.out.txt:./out-env/2.env.out.txt:0
./env.csh > ./out-env/2.env.out.txt:./out-env/2.env.out.txt:0
./env.csh > ./out-env/2.env.out.txt:./out-env/2.env.out.txt:0
./env.csh > ./out-env/2.env.out.txt:./out-env/2.env.out.txt:0
./env.csh > ./out-env/2.env.out.txt:./out-env/2.env.out.txt:0
./env.csh > ./out-env/2.env.out.txt:./out-env/2.env.out.txt:0
./env.csh > ./out-env/2.env.out.txt:./out-env/2.env.out.txt:0
./env.csh > ./out-env/2.env.out.txt:./out-env/2.env.out.txt:0
./env.csh > ./out-env/2.env.out.txt:./out-env/2.env.out.txt:0
./env.csh > ./out-env/2.env.out.txt:./out-env/2.env.out.txt:0
./env.csh > ./out-env/2.env.out.txt:./out-env/2.env.out.txt:0
./env.csh > ./out-env/2.env.out.txt:./out-env/2.env.out.txt:0
./env.csh > ./out-env/2.env.out.txt:./out-env/2.env.out.txt:0
./env.csh > ./out-env/2.env.out.txt:./out-env/2.env.out.txt:0
./env.csh > ./out-env/2.env.out.txt:./out-env/2.env.out.txt:0
./env.csh > ./out-env/2.env.out.txt:./out-env/2.env.out.txt:0
./env.csh > ./out-env/2.env.out.txt:./out-env/2.env.out.txt:0
./env.csh > ./out-env/2.env.out.txt:./out-env/2.env.out.txt:0
./env.csh > ./out-env/2.env.out.txt:./out-env/2.env.out.txt:0
./env.csh > ./out-env/2.env.out.txt:./out-env/2.env.out.txt:0
./env.csh > ./out-env/2.env.out.txt:./out-env/2.env.out.txt:0
./env.csh > ./out-env/2.env.out.txt:./out-env/2.env.out.txt:0
./env.csh > ./out-env/2.env.out.txt:./out-env/2.env.out.txt:0
./env.csh > ./out-env/2.env.out.txt:./out-env/2.env.out.txt:0
./env.csh > ./out-env/2.env.out.txt:./out-env/2.env.out.txt:0
./env.csh > ./out-env/2.env.out.txt:./out-env/2.env.out.txt:0
./env.csh > ./out-env/2.env.out.txt:./out-env/2.env.out.txt:0
./env.csh > ./out-env/2.env.out.txt:./out-env/2.env.out.txt:0
./env.csh > ./out-env/2.env.out.txt:./out-env/2.env.out.txt:0
./env.csh > ./out-env/2.env.out.txt:./out-env/2.env.out.txt:0
./env.csh > ./out-env/2.env.out.txt:./out-env/2.env.out.txt:0
./env.csh > ./out-env/2.env.out.txt:./out-env/2.env.out.txt:0
./env.csh > ./out-env/2.env.out.txt:./out-env/2.env.out.txt:0
./env.csh > ./out-env/2.env.out.txt:./out-env/2.env.out.txt:0
./env.csh > ./out-env/2.env.out.txt:./out-env/2.env.out.txt:0
./env.csh > ./out-env/2.env.out.txt:./out-env/2.env.out.txt:0
./env.csh > ./out-env/2.env.out.txt:./out-env/2.env.out.txt:0
./env.csh > ./out-env/2.env.out.txt:./out-env/2.env.out.txt:0
./env.csh > ./out-env/2.env.out.txt:./out-env/2.env.out.txt:0
./env.csh > ./out-env/2.env.out.txt:./out-env/2.env.out.txt:0
./env.csh > ./out-env/2.env.out.txt:./out-env/2.env.out.txt:0
./env.csh > ./out-env/2.env.out.txt:./out-env/2.env.out.txt:0
./env.csh > ./out-env/2.env.out.txt:./out-env/2.env.out.txt:0
./env.csh > ./out-env/2.env.out.txt:./out-env/2.env.out.txt:0
./env.csh > ./out-env/2.env.out.txt:./out-env/2.env.out.txt:0
./env.csh > ./out-env/2.env.out.txt:./out-env/2.env.out.txt:0
./env.csh > ./out-env/2.env.out.txt:./out-env/2.env.out.txt:0
./env.csh > ./out-env/2.env.out.txt:./out-env/2.env.out.txt:0
./env.csh > ./out-env/2.env.out.txt:./out-env/2.env.out.txt:0
./env.csh > ./out-env/2.env.out.txt:./out-env/2.env.out.txt:0
./env.csh > ./out-env/2.env.out.txt:./out-env/2.env.out.txt:0
./env.csh > ./out-env/2.env.out.txt:./out-env/2.env.out.txt:0
./env.csh > ./out-env/2.env.out.txt:./out-env/2.env.out.txt:0
./env.csh > ./out-env/2.env.out.txt:./out-env/2.env.out.txt:0
./env.csh > ./out-env/2.env.out.txt:./out-env/2.env.out.txt:0
./env.csh > ./out-env/2.env.out.txt:./out-env/2.env.out.txt:0
./env.csh > ./out-env/2.env.out.txt:./out-env/2.env.out.txt:0
./env.csh > ./out-env/2.env.out.txt:./out-env/2.env.out.txt:0
./env.csh > ./out-env/2.env.out.txt:./out-env/2.env.out.txt:0
./env.csh > ./out-env/2.env.out.txt:./out-env/2.env.out.txt:0
./env.csh > ./out-env/2.env.out.txt:./out-env/2.env.out.txt:0
./env.csh > ./out-env/2.env.out.txt:./out-env/2.env.out.txt:0
./env.csh > ./out-env/2.env.out.txt:./out-env/2.env.out.txt:0
./env.csh > ./out-env/2.env.out.txt:./out-env/2.env.out.txt:0
./env.csh > ./out-env/2.env.out.txt:./out-env/2.env.out.txt:0
./env.csh > ./out-env/2.env.out.txt:./out-env/2.env.out.txt:0
./env.csh > ./out-env/2.env.out.txt:./out-env/2.env.out.txt:0
./env.csh > ./out-env/2.env.out.txt:./out-env/2.env.out.txt:0
./env.csh > ./out-env/2.env.out.txt:./out-env/2.env.out.txt:0
./env.csh > ./out-env/2.env.out.txt:./out-env/2.env.out.txt:0
./env.csh > ./out-env/2.env.out.txt:./out-env/2.env.out.txt:0
./env.csh > ./out-env/2.env.out.txt:./out-env/2.env.out.txt:0
./env.csh > ./out-env/2.env.out.txt:./out-env/2.env.out.txt:0
./env.csh > ./out-env/2.env.out.txt:./out-env/2.env.out.txt:0
./env.csh > ./out-env/2.env.out.txt:./out-env/2.env.out.txt:0
./env.csh > ./out-env/2.env.out.txt:./out-env/2.env.out.txt:0
./env.csh > ./out-env/2.env.out.txt:./out-env/2.env.out.txt:0
./env.csh > ./out-env/2.env.out.txt:./out-env/2.env.out.txt:0
./env.csh > ./out-env/2.env.out.txt:./out-env/2.env.out.txt:0
./env.csh > ./out-env/2.env.out.txt:./out-env/2.env.out.txt:0
./env.csh > ./out-env/2.env.out.txt:./out-env/2.env.out.txt:0
./env.csh > ./out-env/2.env.out.txt:./out-env/2.env.out.txt:0
./env.csh > ./out-env/2.env.out.txt:./out-env/2.env.out.txt:0
./env.csh > ./out-env/2.env.out.txt:./out-env/2.env.out.txt:0
./env.csh > ./out-env/2.env.out.txt:./out-env/2.env.out.txt:0
./env.csh > ./out-env/2.env.out.txt:./out-env/2.env.out.txt:0
./env.csh > ./out-env/2.env.out.txt:./out-env/2.env.out.txt:0
./env.csh > ./out-env/2.env.out.txt:./out-env/2.env.out.txt:0
./env.csh > ./out-env/2.env.out.txt:./out-env/2.env.out.txt:0
./env.csh > ./out-env/2.env.out.txt:./out-env/2.env.out.txt:0
./env.csh > ./out-env/2.env.out.txt:./out-env/2.env.out.txt:0
./env.csh > ./out-env/2.env.out.txt:./out-env/2.env.out.txt:0
./env.csh > ./out-env/2.env.out.txt:./out-env/2.env.out.txt:0
./env.csh > ./out-env/2.env.out.txt:./out-env/2.env.out.txt:0
./env.csh > ./out-env/2.env.out.txt:./out-env/2.env.out.txt:0
./env.csh > ./out-env/2.env.out.txt:./out-env/2.env.out.txt:0
./env.csh > ./out-env/2.env.out.txt:./out-env/2.env.out.txt:0
./env.csh > ./out-env/2.env.out.txt:./out-env/2.env.out.txt:0
./env.csh > ./out-env/2.env.out.txt:./out-env/2.env.out.txt:0
./env.csh > ./out-env/2.env.out.txt:./out-env/2.env.out.txt:0
./env.csh > ./out-env/2.env.out.txt:./out-env/2.env.out.txt:0
./env.csh > ./out-env/2.env.out.txt:./out-env/2.env.out.txt:0
./env.csh > ./out-env/2.env.out.txt:./out-env/2.env.out.txt:0
./env.csh > ./out-env/2.env.out.txt:./out-env/2.env.out.txt:0
./env.csh > ./out-env/2.env.out.txt:./out-env/2.env.out.txt:0
./env.csh > ./out-env/2.env.out.txt:./out-env/2.env.out.txt:0
./env.csh > ./out-env/2.env.out.txt:./out-env/2.env.out.txt:0
./env.csh > ./out-env/2.env.out.txt:./out-env/2.env.out.txt:0
./env.csh > ./out-env/2.env.out.txt:./out-env/2.env.out.txt:0
./env.csh > ./out-env/2.env.out.txt:./out-env/2.env.out.txt:0
./env.csh > ./out-env/2.env.out.txt:./out-env/2.env.out.txt:0
./env.csh > ./out-env/2.env.out.txt:./out-env/2.env.out.txt:0
./env.csh > ./out-env/2.env.out.txt:./out-env/2.env.out.txt:0
./env.csh > ./out-env/2.env.out.txt:./out-env/2.env.out.txt:0
./env.csh > ./out-env/2.env.out.txt:./out-env/2.env.out.txt:0
./env.csh > ./out-env/2.env.out.txt:./out-env/2.env.out.txt:0
./env.csh > ./out-env/2.env.out.txt:./out-env/2.env.out.txt:0
./env.csh > ./out-env/2.env.out.txt:./out-env/2.env.out.txt:0
./env.csh > ./out-env/2.env.out.txt:./out-env/2.env.out.txt:0
./env.csh > ./out-env/2.env.out.txt:./out-env/2.env.out.txt:0
./env.csh > ./out-env/2.env.out.txt:./out-env/2.env.out.txt:0
./env.csh > ./out-env/2.env.out.txt:./out-env/2.env.out.txt:0
./env.csh > ./out-env/2.env.out.txt:./out-env/2.env.out.txt:0
./env.csh > ./out-env/2.env.out.txt:./out-env/2.env.out.txt:0
./env.csh > ./out-env/2.env.out.txt:./out-env/2.env.out.txt:0
./env.csh > ./out-env/2.env.out.txt:./out-env/2.env.out.txt:0
./env.csh > ./out-env/2.env.out.txt:./out-env/2.env.out.txt:0
./env.csh > ./out-env/2.env.out.txt:./out-env/2.env.out.txt:0
./env.csh > ./out-env/2.env.out.txt:./out-env/2.env.out.txt:0
./env.csh > ./out-env/2.env.out.txt:./out-env/2.env.out.txt:0
./env.csh > ./out-env/2.env.out.txt:./out-env/2.env.out.txt:0
./env.csh > ./out-env/2.env.out.txt:./out-env/2.env.out.txt:0
./env.csh > ./out-env/2.env.out.txt:./out-env/2.env.out.txt:0
./env.csh > ./out-env/2.env.out.txt:./out-env/2.env.out.txt:0
./env.csh > ./out-env/2.env.out.txt:./out-env/2.env.out.txt:0
./env.csh > ./out-env/2.env.out.txt:./out-env/2.env.out.txt:0
./env.csh > ./out-env/2.env.out.txt:./out-env/2.env.out.txt:0
./env.csh > ./out-env/2.env.out.txt:./out-env/2.env.out.txt:0
./env.csh > ./out-env/2.env.out.txt:./out-env/2.env.out.txt:0
./env.csh > ./out-env/2.env.out.txt:./out-env/2.env.out.txt:0
./env.csh > ./out-env/2.env.out.txt:./out-env/2.env.out.txt:0
./env.csh > ./out-env/2.env.out.txt:./out-env/2.env.out.txt:0
